// Jest Snapshot v1, https://goo.gl/fbAQLP

exports[`<TasksList /> should match the snapshot 1`] = `
<body>
  <div>
    <div
      class="MuiCircularProgress-root tasks--circular MuiCircularProgress-colorPrimary MuiCircularProgress-indeterminate"
      role="progressbar"
      style="width: 120px; height: 120px;"
    >
      <svg
        class="MuiCircularProgress-svg"
        viewBox="22 22 44 44"
      >
        <circle
          class="MuiCircularProgress-circle MuiCircularProgress-circleIndeterminate"
          cx="44"
          cy="44"
          fill="none"
          r="20.2"
          stroke-width="3.6"
        />
      </svg>
    </div>
  </div>
</body>
`;
